2026-09-13 16:22:58.574 [info] [main] Log level: Info
2026-09-13 16:22:58.574 [info] [main] Validating found git in: "git"
2026-09-13 16:22:58.574 [info] [main] Using git "2.25.1" from "git"
2026-09-13 16:22:58.574 [info] [Model][doInitialScan] Initial repository scan started
2026-09-13 16:22:58.574 [info] > git rev-parse --show-toplevel [3ms]
2026-09-13 16:22:58.574 [info] fatal: not a git repository (or any parent up to mount point /voc)
Stopping at filesystem boundary (GIT_DISCOVERY_ACROSS_FILESYSTEM not set).
2026-09-13 16:22:58.574 [info] > git rev-parse --show-toplevel [4ms]
2026-09-13 16:22:58.574 [info] fatal: not a git repository (or any parent up to mount point /voc)
Stopping at filesystem boundary (GIT_DISCOVERY_ACROSS_FILESYSTEM not set).
2026-09-13 16:22:58.574 [info] > git rev-parse --show-toplevel [4ms]
2026-09-13 16:22:58.574 [info] fatal: not a git repository (or any parent up to mount point /voc)
Stopping at filesystem boundary (GIT_DISCOVERY_ACROSS_FILESYSTEM not set).
2026-09-13 16:22:58.574 [info] > git rev-parse --show-toplevel [3ms]
2026-09-13 16:22:58.574 [info] fatal: not a git repository (or any parent up to mount point /voc)
Stopping at filesystem boundary (GIT_DISCOVERY_ACROSS_FILESYSTEM not set).
2026-09-13 16:22:58.574 [info] > git rev-parse --show-toplevel [4ms]
2026-09-13 16:22:58.574 [info] fatal: not a git repository (or any parent up to mount point /voc)
Stopping at filesystem boundary (GIT_DISCOVERY_ACROSS_FILESYSTEM not set).
2026-09-13 16:22:58.574 [info] > git rev-parse --show-toplevel [4ms]
2026-09-13 16:22:58.574 [info] fatal: not a git repository (or any parent up to mount point /voc)
Stopping at filesystem boundary (GIT_DISCOVERY_ACROSS_FILESYSTEM not set).
2026-09-13 16:22:58.574 [info] > git rev-parse --show-toplevel [4ms]
2026-09-13 16:22:58.574 [info] fatal: not a git repository (or any parent up to mount point /voc)
Stopping at filesystem boundary (GIT_DISCOVERY_ACROSS_FILESYSTEM not set).
2026-09-13 16:22:58.574 [info] > git rev-parse --show-toplevel [3ms]
2026-09-13 16:22:58.574 [info] fatal: not a git repository (or any parent up to mount point /voc)
Stopping at filesystem boundary (GIT_DISCOVERY_ACROSS_FILESYSTEM not set).
2026-09-13 16:22:58.574 [info] > git rev-parse --show-toplevel [4ms]
2026-09-13 16:22:58.574 [info] fatal: not a git repository (or any parent up to mount point /voc)
Stopping at filesystem boundary (GIT_DISCOVERY_ACROSS_FILESYSTEM not set).
2026-09-13 16:22:58.574 [info] > git rev-parse --show-toplevel [3ms]
2026-09-13 16:22:58.574 [info] fatal: not a git repository (or any parent up to mount point /voc)
Stopping at filesystem boundary (GIT_DISCOVERY_ACROSS_FILESYSTEM not set).
2026-09-13 16:22:58.574 [info] > git rev-parse --show-toplevel [3ms]
2026-09-13 16:22:58.574 [info] fatal: not a git repository (or any parent up to mount point /voc)
Stopping at filesystem boundary (GIT_DISCOVERY_ACROSS_FILESYSTEM not set).
2026-09-13 16:22:58.574 [info] [Model][doInitialScan] Initial repository scan completed - repositories (0), closed repositories (0), parent repositories (0), unsafe repositories (0)
2026-09-13 16:23:10.571 [info] > git rev-parse --show-toplevel [3ms]
2026-09-13 16:23:10.572 [info] fatal: not a git repository (or any parent up to mount point /voc)
Stopping at filesystem boundary (GIT_DISCOVERY_ACROSS_FILESYSTEM not set).
2026-09-13 16:23:17.048 [info] > git rev-parse --show-toplevel [3ms]
2026-09-13 16:23:17.048 [info] fatal: not a git repository (or any parent up to mount point /voc)
Stopping at filesystem boundary (GIT_DISCOVERY_ACROSS_FILESYSTEM not set).
2026-09-13 16:23:17.071 [info] > git rev-parse --show-toplevel [7ms]
2026-09-13 16:23:17.071 [info] fatal: not a git repository (or any parent up to mount point /voc)
Stopping at filesystem boundary (GIT_DISCOVERY_ACROSS_FILESYSTEM not set).
2026-09-13 16:23:17.134 [info] > git rev-parse --show-toplevel [6ms]
2026-09-13 16:23:17.134 [info] fatal: not a git repository (or any parent up to mount point /voc)
Stopping at filesystem boundary (GIT_DISCOVERY_ACROSS_FILESYSTEM not set).
2026-09-13 16:23:17.644 [info] > git rev-parse --show-toplevel [2ms]
2026-09-13 16:23:17.644 [info] fatal: not a git repository (or any parent up to mount point /voc)
Stopping at filesystem boundary (GIT_DISCOVERY_ACROSS_FILESYSTEM not set).
2026-09-13 16:23:17.658 [info] > git rev-parse --show-toplevel [5ms]
2026-09-13 16:23:17.658 [info] fatal: not a git repository (or any parent up to mount point /voc)
Stopping at filesystem boundary (GIT_DISCOVERY_ACROSS_FILESYSTEM not set).
2026-09-13 16:28:35.450 [info] > git rev-parse --show-toplevel [4ms]
2026-09-13 16:28:35.450 [info] fatal: not a git repository (or any parent up to mount point /voc)
Stopping at filesystem boundary (GIT_DISCOVERY_ACROSS_FILESYSTEM not set).
2026-09-13 16:28:36.935 [info] > git rev-parse --show-toplevel [3ms]
2026-09-13 16:28:36.935 [info] fatal: not a git repository (or any parent up to mount point /voc)
Stopping at filesystem boundary (GIT_DISCOVERY_ACROSS_FILESYSTEM not set).
2026-09-13 16:28:41.838 [info] > git rev-parse --show-toplevel [3ms]
2026-09-13 16:28:41.838 [info] fatal: not a git repository (or any parent up to mount point /voc)
Stopping at filesystem boundary (GIT_DISCOVERY_ACROSS_FILESYSTEM not set).
2026-09-13 16:30:30.227 [info] > git rev-parse --show-toplevel [3ms]
2026-09-13 16:30:30.228 [info] fatal: not a git repository (or any parent up to mount point /voc)
Stopping at filesystem boundary (GIT_DISCOVERY_ACROSS_FILESYSTEM not set).
2026-09-13 16:31:01.085 [info] > git rev-parse --show-toplevel [7ms]
2026-09-13 16:31:01.086 [info] fatal: not a git repository (or any parent up to mount point /voc)
Stopping at filesystem boundary (GIT_DISCOVERY_ACROSS_FILESYSTEM not set).
2026-09-13 16:32:32.517 [info] > git rev-parse --show-toplevel [4ms]
2026-09-13 16:32:32.518 [info] fatal: not a git repository (or any parent up to mount point /voc)
Stopping at filesystem boundary (GIT_DISCOVERY_ACROSS_FILESYSTEM not set).
2026-09-13 17:00:47.076 [info] > git rev-parse --show-toplevel [7ms]
2026-09-13 17:00:47.085 [info] > git rev-parse --git-dir --git-common-dir --show-superproject-working-tree [6ms]
2026-09-13 17:00:47.093 [info] [Model][openRepository] Opened repository (path): /voc/work
2026-09-13 17:00:47.093 [info] [Model][openRepository] Opened repository (real path): /voc/work
2026-09-13 17:00:47.093 [info] [Model][openRepository] Opened repository (kind): repository
2026-09-13 17:00:47.099 [info] [Git][getRemotes] No remotes found in the git config file
2026-09-13 17:00:47.106 [info] > git config --get commit.template [5ms]
2026-09-13 17:00:47.111 [info] > git for-each-ref --format=%(refname)%00%(upstream:short)%00%(objectname)%00%(upstream:track)%00%(upstream:remotename)%00%(upstream:remoteref) refs/heads/master refs/remotes/master [12ms]
2026-09-13 17:00:47.111 [warning] [Git][getBranch] No such branch: master
2026-09-13 17:00:47.127 [info] > git for-each-ref --sort -committerdate --format %(refname)%00%(objectname)%00%(*objectname) [12ms]
2026-09-13 17:00:47.946 [info] > git check-ignore -v -z --stdin [7ms]
2026-09-13 17:00:47.968 [info] > git status -z -uall [855ms]
2026-09-13 17:00:47.992 [info] [Git][getRemotes] No remotes found in the git config file
2026-09-13 17:00:47.992 [info] > git for-each-ref --format=%(refname)%00%(upstream:short)%00%(objectname)%00%(upstream:track)%00%(upstream:remotename)%00%(upstream:remoteref) refs/heads/master refs/remotes/master [8ms]
2026-09-13 17:00:47.995 [warning] [Git][getBranch] No such branch: master
2026-09-13 17:00:47.995 [error] [GitHistoryProvider][resolveHEADMergeBase] Failed to resolve merge base for master: Error: No such branch: master.
2026-09-13 17:00:47.999 [info] > git config --get commit.template [10ms]
2026-09-13 17:00:48.003 [info] > git for-each-ref --format=%(refname)%00%(upstream:short)%00%(objectname)%00%(upstream:track)%00%(upstream:remotename)%00%(upstream:remoteref) refs/heads/master refs/remotes/master [12ms]
2026-09-13 17:00:48.005 [warning] [Git][getBranch] No such branch: master
2026-09-13 17:00:48.016 [info] > git for-each-ref --sort -committerdate --format %(refname)%00%(objectname)%00%(*objectname) [7ms]
2026-09-13 17:00:48.125 [info] > git status -z -uall [118ms]
2026-09-13 17:00:48.296 [info] > git show --textconv :src/pipeline/pipeline.py [10ms]
2026-09-13 17:00:48.302 [info] > git ls-files --stage -- src/pipeline/pipeline.py [13ms]
2026-09-13 17:00:48.306 [info] > git hash-object -t tree /dev/null [8ms]
2026-09-13 17:00:48.306 [warning] [GitFileSystemProvider][readFile] File not found - git:/voc/work/src/pipeline/pipeline.py.git?%7B%22path%22%3A%22%2Fvoc%2Fwork%2Fsrc%2Fpipeline%2Fpipeline.py%22%2C%22ref%22%3A%22%22%7D
2026-09-13 17:00:48.313 [info] > git hash-object -t tree /dev/null [9ms]
2026-09-13 17:00:48.313 [warning] [GitFileSystemProvider][stat] File not found - git:/voc/work/src/pipeline/pipeline.py.git?%7B%22path%22%3A%22%2Fvoc%2Fwork%2Fsrc%2Fpipeline%2Fpipeline.py%22%2C%22ref%22%3A%22%22%7D
2026-09-13 17:00:51.115 [info] [Git][getRemotes] No remotes found in the git config file
2026-09-13 17:00:51.118 [info] > git config --get commit.template [6ms]
2026-09-13 17:00:51.121 [info] > git for-each-ref --format=%(refname)%00%(upstream:short)%00%(objectname)%00%(upstream:track)%00%(upstream:remotename)%00%(upstream:remoteref) refs/heads/master refs/remotes/master [6ms]
2026-09-13 17:00:51.122 [warning] [Git][getBranch] No such branch: master
2026-09-13 17:00:51.132 [info] > git for-each-ref --sort -committerdate --format %(refname)%00%(objectname)%00%(*objectname) [7ms]
2026-09-13 17:00:51.221 [info] > git status -z -uall [98ms]
2026-09-13 17:00:56.230 [info] [Git][getRemotes] No remotes found in the git config file
2026-09-13 17:00:56.236 [info] > git config --get commit.template [7ms]
2026-09-13 17:00:56.240 [info] > git for-each-ref --format=%(refname)%00%(upstream:short)%00%(objectname)%00%(upstream:track)%00%(upstream:remotename)%00%(upstream:remoteref) refs/heads/master refs/remotes/master [8ms]
2026-09-13 17:00:56.240 [warning] [Git][getBranch] No such branch: master
2026-09-13 17:00:56.251 [info] > git for-each-ref --sort -committerdate --format %(refname)%00%(objectname)%00%(*objectname) [8ms]
2026-09-13 17:00:56.360 [info] > git status -z -uall [118ms]
2026-09-13 17:01:01.371 [info] [Git][getRemotes] No remotes found in the git config file
2026-09-13 17:01:01.379 [info] > git config --get commit.template [11ms]
2026-09-13 17:01:01.383 [info] > git for-each-ref --format=%(refname)%00%(upstream:short)%00%(objectname)%00%(upstream:track)%00%(upstream:remotename)%00%(upstream:remoteref) refs/heads/master refs/remotes/master [12ms]
2026-09-13 17:01:01.383 [warning] [Git][getBranch] No such branch: master
2026-09-13 17:01:01.395 [info] > git for-each-ref --sort -committerdate --format %(refname)%00%(objectname)%00%(*objectname) [9ms]
2026-09-13 17:01:01.492 [info] > git status -z -uall [107ms]
2026-09-13 17:01:06.501 [info] [Git][getRemotes] No remotes found in the git config file
2026-09-13 17:01:06.506 [info] > git config --get commit.template [6ms]
2026-09-13 17:01:06.511 [info] > git for-each-ref --format=%(refname)%00%(upstream:short)%00%(objectname)%00%(upstream:track)%00%(upstream:remotename)%00%(upstream:remoteref) refs/heads/master refs/remotes/master [8ms]
2026-09-13 17:01:06.511 [warning] [Git][getBranch] No such branch: master
2026-09-13 17:01:06.528 [info] > git for-each-ref --sort -committerdate --format %(refname)%00%(objectname)%00%(*objectname) [8ms]
2026-09-13 17:01:06.631 [info] > git status -z -uall [113ms]
2026-09-13 17:01:11.643 [info] [Git][getRemotes] No remotes found in the git config file
2026-09-13 17:01:11.647 [info] > git config --get commit.template [6ms]
2026-09-13 17:01:11.651 [info] > git for-each-ref --format=%(refname)%00%(upstream:short)%00%(objectname)%00%(upstream:track)%00%(upstream:remotename)%00%(upstream:remoteref) refs/heads/master refs/remotes/master [8ms]
2026-09-13 17:01:11.651 [warning] [Git][getBranch] No such branch: master
2026-09-13 17:01:11.663 [info] > git for-each-ref --sort -committerdate --format %(refname)%00%(objectname)%00%(*objectname) [9ms]
2026-09-13 17:01:11.772 [info] > git status -z -uall [120ms]
2026-09-13 17:01:16.781 [info] [Git][getRemotes] No remotes found in the git config file
2026-09-13 17:01:16.786 [info] > git config --get commit.template [5ms]
2026-09-13 17:01:16.791 [info] > git for-each-ref --format=%(refname)%00%(upstream:short)%00%(objectname)%00%(upstream:track)%00%(upstream:remotename)%00%(upstream:remoteref) refs/heads/master refs/remotes/master [8ms]
2026-09-13 17:01:16.791 [warning] [Git][getBranch] No such branch: master
2026-09-13 17:01:16.805 [info] > git for-each-ref --sort -committerdate --format %(refname)%00%(objectname)%00%(*objectname) [8ms]
2026-09-13 17:01:16.910 [info] > git status -z -uall [115ms]
2026-09-13 17:01:21.920 [info] [Git][getRemotes] No remotes found in the git config file
2026-09-13 17:01:21.926 [info] > git config --get commit.template [7ms]
2026-09-13 17:01:21.930 [info] > git for-each-ref --format=%(refname)%00%(upstream:short)%00%(objectname)%00%(upstream:track)%00%(upstream:remotename)%00%(upstream:remoteref) refs/heads/master refs/remotes/master [8ms]
2026-09-13 17:01:21.930 [warning] [Git][getBranch] No such branch: master
2026-09-13 17:01:21.943 [info] > git for-each-ref --sort -committerdate --format %(refname)%00%(objectname)%00%(*objectname) [10ms]
2026-09-13 17:01:22.047 [info] > git status -z -uall [115ms]
2026-09-13 17:01:54.325 [info] [Git][getRemotes] No remotes found in the git config file
2026-09-13 17:01:54.329 [info] > git config --get commit.template [6ms]
2026-09-13 17:01:54.332 [info] > git for-each-ref --format=%(refname)%00%(upstream:short)%00%(objectname)%00%(upstream:track)%00%(upstream:remotename)%00%(upstream:remoteref) refs/heads/master refs/remotes/master [7ms]
2026-09-13 17:01:54.332 [warning] [Git][getBranch] No such branch: master
2026-09-13 17:01:54.342 [info] > git for-each-ref --sort -committerdate --format %(refname)%00%(objectname)%00%(*objectname) [7ms]
2026-09-13 17:01:54.436 [info] > git status -z -uall [102ms]
2026-09-13 17:01:59.446 [info] [Git][getRemotes] No remotes found in the git config file
2026-09-13 17:01:59.450 [info] > git config --get commit.template [5ms]
2026-09-13 17:01:59.455 [info] > git for-each-ref --format=%(refname)%00%(upstream:short)%00%(objectname)%00%(upstream:track)%00%(upstream:remotename)%00%(upstream:remoteref) refs/heads/master refs/remotes/master [7ms]
2026-09-13 17:01:59.455 [warning] [Git][getBranch] No such branch: master
2026-09-13 17:01:59.466 [info] > git for-each-ref --sort -committerdate --format %(refname)%00%(objectname)%00%(*objectname) [7ms]
2026-09-13 17:01:59.565 [info] > git status -z -uall [108ms]
2026-09-13 17:02:04.573 [info] [Git][getRemotes] No remotes found in the git config file
2026-09-13 17:02:04.578 [info] > git config --get commit.template [6ms]
2026-09-13 17:02:04.582 [info] > git for-each-ref --format=%(refname)%00%(upstream:short)%00%(objectname)%00%(upstream:track)%00%(upstream:remotename)%00%(upstream:remoteref) refs/heads/master refs/remotes/master [7ms]
2026-09-13 17:02:04.582 [warning] [Git][getBranch] No such branch: master
2026-09-13 17:02:04.592 [info] > git for-each-ref --sort -committerdate --format %(refname)%00%(objectname)%00%(*objectname) [7ms]
2026-09-13 17:02:04.686 [info] > git status -z -uall [102ms]
2026-09-13 17:02:11.944 [info] [Git][getRemotes] No remotes found in the git config file
2026-09-13 17:02:11.948 [info] > git config --get commit.template [7ms]
2026-09-13 17:02:11.952 [info] > git for-each-ref --format=%(refname)%00%(upstream:short)%00%(objectname)%00%(upstream:track)%00%(upstream:remotename)%00%(upstream:remoteref) refs/heads/master refs/remotes/master [8ms]
2026-09-13 17:02:11.952 [warning] [Git][getBranch] No such branch: master
2026-09-13 17:02:11.963 [info] > git for-each-ref --sort -committerdate --format %(refname)%00%(objectname)%00%(*objectname) [8ms]
2026-09-13 17:02:12.057 [info] > git status -z -uall [104ms]
2026-09-13 17:02:17.069 [info] [Git][getRemotes] No remotes found in the git config file
2026-09-13 17:02:17.073 [info] > git config --get commit.template [7ms]
2026-09-13 17:02:17.077 [info] > git for-each-ref --format=%(refname)%00%(upstream:short)%00%(objectname)%00%(upstream:track)%00%(upstream:remotename)%00%(upstream:remoteref) refs/heads/master refs/remotes/master [8ms]
2026-09-13 17:02:17.077 [warning] [Git][getBranch] No such branch: master
2026-09-13 17:02:17.088 [info] > git for-each-ref --sort -committerdate --format %(refname)%00%(objectname)%00%(*objectname) [7ms]
2026-09-13 17:02:17.182 [info] > git status -z -uall [103ms]
2026-09-13 17:02:22.190 [info] [Git][getRemotes] No remotes found in the git config file
2026-09-13 17:02:22.194 [info] > git config --get commit.template [5ms]
2026-09-13 17:02:22.199 [info] > git for-each-ref --format=%(refname)%00%(upstream:short)%00%(objectname)%00%(upstream:track)%00%(upstream:remotename)%00%(upstream:remoteref) refs/heads/master refs/remotes/master [8ms]
2026-09-13 17:02:22.199 [warning] [Git][getBranch] No such branch: master
2026-09-13 17:02:22.212 [info] > git for-each-ref --sort -committerdate --format %(refname)%00%(objectname)%00%(*objectname) [7ms]
2026-09-13 17:02:22.308 [info] > git status -z -uall [104ms]
2026-09-13 17:02:27.318 [info] [Git][getRemotes] No remotes found in the git config file
2026-09-13 17:02:27.322 [info] > git config --get commit.template [5ms]
2026-09-13 17:02:27.326 [info] > git for-each-ref --format=%(refname)%00%(upstream:short)%00%(objectname)%00%(upstream:track)%00%(upstream:remotename)%00%(upstream:remoteref) refs/heads/master refs/remotes/master [7ms]
2026-09-13 17:02:27.326 [warning] [Git][getBranch] No such branch: master
2026-09-13 17:02:27.339 [info] > git for-each-ref --sort -committerdate --format %(refname)%00%(objectname)%00%(*objectname) [8ms]
2026-09-13 17:02:27.439 [info] > git status -z -uall [111ms]
2026-09-13 17:02:32.449 [info] [Git][getRemotes] No remotes found in the git config file
2026-09-13 17:02:32.453 [info] > git config --get commit.template [6ms]
2026-09-13 17:02:32.457 [info] > git for-each-ref --format=%(refname)%00%(upstream:short)%00%(objectname)%00%(upstream:track)%00%(upstream:remotename)%00%(upstream:remoteref) refs/heads/master refs/remotes/master [7ms]
2026-09-13 17:02:32.457 [warning] [Git][getBranch] No such branch: master
2026-09-13 17:02:32.466 [info] > git for-each-ref --sort -committerdate --format %(refname)%00%(objectname)%00%(*objectname) [6ms]
2026-09-13 17:02:32.551 [info] > git status -z -uall [93ms]
2026-09-13 17:03:09.088 [info] [Git][getRemotes] No remotes found in the git config file
2026-09-13 17:03:09.092 [info] > git config --get commit.template [5ms]
2026-09-13 17:03:09.096 [info] > git for-each-ref --format=%(refname)%00%(upstream:short)%00%(objectname)%00%(upstream:track)%00%(upstream:remotename)%00%(upstream:remoteref) refs/heads/master refs/remotes/master [7ms]
2026-09-13 17:03:09.096 [warning] [Git][getBranch] No such branch: master
2026-09-13 17:03:09.107 [info] > git for-each-ref --sort -committerdate --format %(refname)%00%(objectname)%00%(*objectname) [7ms]
2026-09-13 17:03:09.194 [info] > git status -z -uall [96ms]
2026-09-13 17:03:11.063 [info] > git check-ignore -v -z --stdin [7ms]
2026-09-13 17:03:12.230 [info] > git show --textconv :gitignore.txt [8ms]
2026-09-13 17:03:12.230 [warning] [GitFileSystemProvider][readFile] File not found - git:/voc/work/gitignore.txt.git?%7B%22path%22%3A%22%2Fvoc%2Fwork%2Fgitignore.txt%22%2C%22ref%22%3A%22%22%7D
2026-09-13 17:03:12.234 [info] > git ls-files --stage -- gitignore.txt [10ms]
2026-09-13 17:03:12.234 [warning] [GitFileSystemProvider][stat] File not found - git:/voc/work/gitignore.txt.git?%7B%22path%22%3A%22%2Fvoc%2Fwork%2Fgitignore.txt%22%2C%22ref%22%3A%22%22%7D
2026-09-13 17:03:14.203 [info] [Git][getRemotes] No remotes found in the git config file
2026-09-13 17:03:14.207 [info] > git config --get commit.template [5ms]
2026-09-13 17:03:14.211 [info] > git for-each-ref --format=%(refname)%00%(upstream:short)%00%(objectname)%00%(upstream:track)%00%(upstream:remotename)%00%(upstream:remoteref) refs/heads/master refs/remotes/master [7ms]
2026-09-13 17:03:14.211 [warning] [Git][getBranch] No such branch: master
2026-09-13 17:03:14.221 [info] > git for-each-ref --sort -committerdate --format %(refname)%00%(objectname)%00%(*objectname) [7ms]
2026-09-13 17:03:14.315 [info] > git status -z -uall [103ms]
2026-09-13 17:03:19.327 [info] [Git][getRemotes] No remotes found in the git config file
2026-09-13 17:03:19.332 [info] > git config --get commit.template [9ms]
2026-09-13 17:03:19.335 [info] > git for-each-ref --format=%(refname)%00%(upstream:short)%00%(objectname)%00%(upstream:track)%00%(upstream:remotename)%00%(upstream:remoteref) refs/heads/master refs/remotes/master [10ms]
2026-09-13 17:03:19.335 [warning] [Git][getBranch] No such branch: master
2026-09-13 17:03:19.346 [info] > git for-each-ref --sort -committerdate --format %(refname)%00%(objectname)%00%(*objectname) [7ms]
2026-09-13 17:03:19.440 [info] > git status -z -uall [103ms]
2026-09-13 17:03:24.449 [info] [Git][getRemotes] No remotes found in the git config file
2026-09-13 17:03:24.453 [info] > git config --get commit.template [7ms]
2026-09-13 17:03:24.457 [info] > git for-each-ref --format=%(refname)%00%(upstream:short)%00%(objectname)%00%(upstream:track)%00%(upstream:remotename)%00%(upstream:remoteref) refs/heads/master refs/remotes/master [9ms]
2026-09-13 17:03:24.457 [warning] [Git][getBranch] No such branch: master
2026-09-13 17:03:24.469 [info] > git for-each-ref --sort -committerdate --format %(refname)%00%(objectname)%00%(*objectname) [9ms]
2026-09-13 17:03:24.556 [info] > git status -z -uall [98ms]
2026-09-13 17:03:29.566 [info] [Git][getRemotes] No remotes found in the git config file
2026-09-13 17:03:29.570 [info] > git config --get commit.template [7ms]
2026-09-13 17:03:29.574 [info] > git for-each-ref --format=%(refname)%00%(upstream:short)%00%(objectname)%00%(upstream:track)%00%(upstream:remotename)%00%(upstream:remoteref) refs/heads/master refs/remotes/master [8ms]
2026-09-13 17:03:29.574 [warning] [Git][getBranch] No such branch: master
2026-09-13 17:03:29.583 [info] > git for-each-ref --sort -committerdate --format %(refname)%00%(objectname)%00%(*objectname) [6ms]
2026-09-13 17:03:29.673 [info] > git status -z -uall [98ms]
2026-09-13 17:03:37.018 [info] [Git][getRemotes] No remotes found in the git config file
2026-09-13 17:03:37.022 [info] > git config --get commit.template [5ms]
2026-09-13 17:03:37.027 [info] > git for-each-ref --format=%(refname)%00%(upstream:short)%00%(objectname)%00%(upstream:track)%00%(upstream:remotename)%00%(upstream:remoteref) refs/heads/master refs/remotes/master [8ms]
2026-09-13 17:03:37.027 [warning] [Git][getBranch] No such branch: master
2026-09-13 17:03:37.038 [info] > git for-each-ref --sort -committerdate --format %(refname)%00%(objectname)%00%(*objectname) [8ms]
2026-09-13 17:03:37.135 [info] > git status -z -uall [107ms]
2026-09-13 17:03:39.291 [info] > git check-ignore -v -z --stdin [7ms]
2026-09-13 17:03:40.142 [info] > git show --textconv :src/README.md [7ms]
2026-09-13 17:03:40.142 [warning] [GitFileSystemProvider][readFile] File not found - git:/voc/work/src/README.md.git?%7B%22path%22%3A%22%2Fvoc%2Fwork%2Fsrc%2FREADME.md%22%2C%22ref%22%3A%22%22%7D
2026-09-13 17:03:40.146 [info] > git ls-files --stage -- src/README.md [9ms]
2026-09-13 17:03:40.151 [warning] [GitFileSystemProvider][stat] File not found - git:/voc/work/src/README.md.git?%7B%22path%22%3A%22%2Fvoc%2Fwork%2Fsrc%2FREADME.md%22%2C%22ref%22%3A%22%22%7D
2026-09-13 17:03:42.143 [info] [Git][getRemotes] No remotes found in the git config file
2026-09-13 17:03:42.147 [info] > git config --get commit.template [5ms]
2026-09-13 17:03:42.152 [info] > git for-each-ref --format=%(refname)%00%(upstream:short)%00%(objectname)%00%(upstream:track)%00%(upstream:remotename)%00%(upstream:remoteref) refs/heads/master refs/remotes/master [7ms]
2026-09-13 17:03:42.152 [warning] [Git][getBranch] No such branch: master
2026-09-13 17:03:42.162 [info] > git for-each-ref --sort -committerdate --format %(refname)%00%(objectname)%00%(*objectname) [7ms]
2026-09-13 17:03:42.272 [info] > git status -z -uall [119ms]
2026-09-13 17:03:47.282 [info] [Git][getRemotes] No remotes found in the git config file
2026-09-13 17:03:47.286 [info] > git config --get commit.template [7ms]
2026-09-13 17:03:47.289 [info] > git for-each-ref --format=%(refname)%00%(upstream:short)%00%(objectname)%00%(upstream:track)%00%(upstream:remotename)%00%(upstream:remoteref) refs/heads/master refs/remotes/master [7ms]
2026-09-13 17:03:47.289 [warning] [Git][getBranch] No such branch: master
2026-09-13 17:03:47.299 [info] > git for-each-ref --sort -committerdate --format %(refname)%00%(objectname)%00%(*objectname) [7ms]
2026-09-13 17:03:47.394 [info] > git status -z -uall [103ms]
2026-09-13 17:03:52.404 [info] [Git][getRemotes] No remotes found in the git config file
2026-09-13 17:03:52.409 [info] > git config --get commit.template [7ms]
2026-09-13 17:03:52.413 [info] > git for-each-ref --format=%(refname)%00%(upstream:short)%00%(objectname)%00%(upstream:track)%00%(upstream:remotename)%00%(upstream:remoteref) refs/heads/master refs/remotes/master [9ms]
2026-09-13 17:03:52.413 [warning] [Git][getBranch] No such branch: master
2026-09-13 17:03:52.423 [info] > git for-each-ref --sort -committerdate --format %(refname)%00%(objectname)%00%(*objectname) [6ms]
2026-09-13 17:03:52.514 [info] > git status -z -uall [99ms]
2026-09-13 17:04:03.968 [info] [Git][getRemotes] No remotes found in the git config file
2026-09-13 17:04:03.973 [info] > git config --get commit.template [9ms]
2026-09-13 17:04:03.976 [info] > git for-each-ref --format=%(refname)%00%(upstream:short)%00%(objectname)%00%(upstream:track)%00%(upstream:remotename)%00%(upstream:remoteref) refs/heads/master refs/remotes/master [9ms]
2026-09-13 17:04:03.976 [warning] [Git][getBranch] No such branch: master
2026-09-13 17:04:03.987 [info] > git for-each-ref --sort -committerdate --format %(refname)%00%(objectname)%00%(*objectname) [7ms]
2026-09-13 17:04:04.082 [info] > git status -z -uall [104ms]
2026-09-13 17:04:09.090 [info] [Git][getRemotes] No remotes found in the git config file
2026-09-13 17:04:09.096 [info] > git config --get commit.template [7ms]
2026-09-13 17:04:09.101 [info] > git for-each-ref --format=%(refname)%00%(upstream:short)%00%(objectname)%00%(upstream:track)%00%(upstream:remotename)%00%(upstream:remoteref) refs/heads/master refs/remotes/master [9ms]
2026-09-13 17:04:09.101 [warning] [Git][getBranch] No such branch: master
2026-09-13 17:04:09.122 [info] > git for-each-ref --sort -committerdate --format %(refname)%00%(objectname)%00%(*objectname) [17ms]
2026-09-13 17:04:09.213 [info] > git status -z -uall [110ms]
2026-09-13 17:04:14.222 [info] [Git][getRemotes] No remotes found in the git config file
2026-09-13 17:04:14.227 [info] > git config --get commit.template [6ms]
2026-09-13 17:04:14.232 [info] > git for-each-ref --format=%(refname)%00%(upstream:short)%00%(objectname)%00%(upstream:track)%00%(upstream:remotename)%00%(upstream:remoteref) refs/heads/master refs/remotes/master [7ms]
2026-09-13 17:04:14.232 [warning] [Git][getBranch] No such branch: master
2026-09-13 17:04:14.242 [info] > git for-each-ref --sort -committerdate --format %(refname)%00%(objectname)%00%(*objectname) [7ms]
2026-09-13 17:04:14.340 [info] > git status -z -uall [107ms]
2026-09-13 17:04:19.350 [info] [Git][getRemotes] No remotes found in the git config file
2026-09-13 17:04:19.354 [info] > git config --get commit.template [7ms]
2026-09-13 17:04:19.361 [info] > git for-each-ref --format=%(refname)%00%(upstream:short)%00%(objectname)%00%(upstream:track)%00%(upstream:remotename)%00%(upstream:remoteref) refs/heads/master refs/remotes/master [11ms]
2026-09-13 17:04:19.361 [warning] [Git][getBranch] No such branch: master
2026-09-13 17:04:19.373 [info] > git for-each-ref --sort -committerdate --format %(refname)%00%(objectname)%00%(*objectname) [8ms]
2026-09-13 17:04:19.468 [info] > git status -z -uall [105ms]
2026-09-13 17:06:01.033 [info] [Git][getRemotes] No remotes found in the git config file
2026-09-13 17:06:01.040 [info] > git config --get commit.template [10ms]
2026-09-13 17:06:01.044 [info] > git for-each-ref --format=%(refname)%00%(upstream:short)%00%(objectname)%00%(upstream:track)%00%(upstream:remotename)%00%(upstream:remoteref) refs/heads/master refs/remotes/master [11ms]
2026-09-13 17:06:01.044 [warning] [Git][getBranch] No such branch: master
2026-09-13 17:06:01.055 [info] > git for-each-ref --sort -committerdate --format %(refname)%00%(objectname)%00%(*objectname) [8ms]
2026-09-13 17:06:01.219 [info] > git status -z -uall [174ms]
2026-09-13 17:06:06.230 [info] [Git][getRemotes] No remotes found in the git config file
2026-09-13 17:06:06.235 [info] > git config --get commit.template [6ms]
2026-09-13 17:06:06.239 [info] > git for-each-ref --format=%(refname)%00%(upstream:short)%00%(objectname)%00%(upstream:track)%00%(upstream:remotename)%00%(upstream:remoteref) refs/heads/master refs/remotes/master [7ms]
2026-09-13 17:06:06.239 [warning] [Git][getBranch] No such branch: master
2026-09-13 17:06:06.249 [info] > git for-each-ref --sort -committerdate --format %(refname)%00%(objectname)%00%(*objectname) [7ms]
2026-09-13 17:06:06.338 [info] > git status -z -uall [98ms]
2026-09-13 17:06:11.348 [info] [Git][getRemotes] No remotes found in the git config file
2026-09-13 17:06:11.352 [info] > git config --get commit.template [7ms]
2026-09-13 17:06:11.356 [info] > git for-each-ref --format=%(refname)%00%(upstream:short)%00%(objectname)%00%(upstream:track)%00%(upstream:remotename)%00%(upstream:remoteref) refs/heads/master refs/remotes/master [9ms]
2026-09-13 17:06:11.356 [warning] [Git][getBranch] No such branch: master
2026-09-13 17:06:11.366 [info] > git for-each-ref --sort -committerdate --format %(refname)%00%(objectname)%00%(*objectname) [6ms]
2026-09-13 17:06:11.459 [info] > git status -z -uall [101ms]
2026-09-13 17:06:16.469 [info] [Git][getRemotes] No remotes found in the git config file
2026-09-13 17:06:16.473 [info] > git config --get commit.template [5ms]
2026-09-13 17:06:16.477 [info] > git for-each-ref --format=%(refname)%00%(upstream:short)%00%(objectname)%00%(upstream:track)%00%(upstream:remotename)%00%(upstream:remoteref) refs/heads/master refs/remotes/master [6ms]
2026-09-13 17:06:16.478 [warning] [Git][getBranch] No such branch: master
2026-09-13 17:06:16.488 [info] > git for-each-ref --sort -committerdate --format %(refname)%00%(objectname)%00%(*objectname) [7ms]
2026-09-13 17:06:16.577 [info] > git status -z -uall [98ms]
2026-09-13 17:06:21.585 [info] [Git][getRemotes] No remotes found in the git config file
2026-09-13 17:06:21.590 [info] > git config --get commit.template [6ms]
2026-09-13 17:06:21.594 [info] > git for-each-ref --format=%(refname)%00%(upstream:short)%00%(objectname)%00%(upstream:track)%00%(upstream:remotename)%00%(upstream:remoteref) refs/heads/master refs/remotes/master [7ms]
2026-09-13 17:06:21.594 [warning] [Git][getBranch] No such branch: master
2026-09-13 17:06:21.604 [info] > git for-each-ref --sort -committerdate --format %(refname)%00%(objectname)%00%(*objectname) [7ms]
2026-09-13 17:06:21.699 [info] > git status -z -uall [103ms]
2026-09-13 17:06:34.452 [info] [Git][getRemotes] No remotes found in the git config file
2026-09-13 17:06:34.456 [info] > git config --get commit.template [6ms]
2026-09-13 17:06:34.460 [info] > git for-each-ref --format=%(refname)%00%(upstream:short)%00%(objectname)%00%(upstream:track)%00%(upstream:remotename)%00%(upstream:remoteref) refs/heads/master refs/remotes/master [8ms]
2026-09-13 17:06:34.460 [warning] [Git][getBranch] No such branch: master
2026-09-13 17:06:34.471 [info] > git for-each-ref --sort -committerdate --format %(refname)%00%(objectname)%00%(*objectname) [8ms]
2026-09-13 17:06:34.559 [info] > git status -z -uall [97ms]
2026-09-13 17:06:37.415 [info] [Git][getRemotes] No remotes found in the git config file
2026-09-13 17:06:37.420 [info] > git config --get commit.template [7ms]
2026-09-13 17:06:37.424 [info] > git for-each-ref --format=%(refname)%00%(upstream:short)%00%(objectname)%00%(upstream:track)%00%(upstream:remotename)%00%(upstream:remoteref) refs/heads/main refs/remotes/main [8ms]
2026-09-13 17:06:37.424 [warning] [Git][getBranch] No such branch: main
2026-09-13 17:06:37.438 [info] > git for-each-ref --sort -committerdate --format %(refname)%00%(objectname)%00%(*objectname) [10ms]
2026-09-13 17:06:37.539 [info] > git status -z -uall [113ms]
2026-09-13 17:06:37.554 [info] > git for-each-ref --format=%(refname)%00%(upstream:short)%00%(objectname)%00%(upstream:track)%00%(upstream:remotename)%00%(upstream:remoteref) refs/heads/main refs/remotes/main [7ms]
2026-09-13 17:06:37.554 [warning] [Git][getBranch] No such branch: main
2026-09-13 17:06:37.555 [error] [GitHistoryProvider][resolveHEADMergeBase] Failed to resolve merge base for main: Error: No such branch: main.
2026-09-13 17:06:39.568 [info] [Git][getRemotes] No remotes found in the git config file
2026-09-13 17:06:39.573 [info] > git config --get commit.template [6ms]
2026-09-13 17:06:39.578 [info] > git for-each-ref --format=%(refname)%00%(upstream:short)%00%(objectname)%00%(upstream:track)%00%(upstream:remotename)%00%(upstream:remoteref) refs/heads/main refs/remotes/main [8ms]
2026-09-13 17:06:39.578 [warning] [Git][getBranch] No such branch: main
2026-09-13 17:06:39.591 [info] > git for-each-ref --sort -committerdate --format %(refname)%00%(objectname)%00%(*objectname) [10ms]
2026-09-13 17:06:39.688 [info] > git status -z -uall [108ms]
2026-09-13 17:06:44.697 [info] [Git][getRemotes] No remotes found in the git config file
2026-09-13 17:06:44.701 [info] > git config --get commit.template [5ms]
2026-09-13 17:06:44.706 [info] > git for-each-ref --format=%(refname)%00%(upstream:short)%00%(objectname)%00%(upstream:track)%00%(upstream:remotename)%00%(upstream:remoteref) refs/heads/main refs/remotes/main [8ms]
2026-09-13 17:06:44.706 [warning] [Git][getBranch] No such branch: main
2026-09-13 17:06:44.718 [info] > git for-each-ref --sort -committerdate --format %(refname)%00%(objectname)%00%(*objectname) [9ms]
2026-09-13 17:06:44.820 [info] > git status -z -uall [112ms]
2026-09-13 17:06:59.668 [info] [Git][getRemotes] No remotes found in the git config file
2026-09-13 17:06:59.674 [info] > git config --get commit.template [8ms]
2026-09-13 17:06:59.678 [info] > git for-each-ref --format=%(refname)%00%(upstream:short)%00%(objectname)%00%(upstream:track)%00%(upstream:remotename)%00%(upstream:remoteref) refs/heads/main refs/remotes/main [10ms]
2026-09-13 17:06:59.678 [warning] [Git][getBranch] No such branch: main
2026-09-13 17:06:59.689 [info] > git for-each-ref --sort -committerdate --format %(refname)%00%(objectname)%00%(*objectname) [8ms]
2026-09-13 17:06:59.790 [info] > git status -z -uall [111ms]
2026-09-13 17:07:04.799 [info] [Git][getRemotes] No remotes found in the git config file
2026-09-13 17:07:04.804 [info] > git config --get commit.template [6ms]
2026-09-13 17:07:04.809 [info] > git for-each-ref --format=%(refname)%00%(upstream:short)%00%(objectname)%00%(upstream:track)%00%(upstream:remotename)%00%(upstream:remoteref) refs/heads/main refs/remotes/main [8ms]
2026-09-13 17:07:04.809 [warning] [Git][getBranch] No such branch: main
2026-09-13 17:07:04.820 [info] > git for-each-ref --sort -committerdate --format %(refname)%00%(objectname)%00%(*objectname) [8ms]
2026-09-13 17:07:04.912 [info] > git status -z -uall [102ms]
2026-09-13 17:07:09.921 [info] [Git][getRemotes] No remotes found in the git config file
2026-09-13 17:07:09.926 [info] > git config --get commit.template [5ms]
2026-09-13 17:07:09.930 [info] > git for-each-ref --format=%(refname)%00%(upstream:short)%00%(objectname)%00%(upstream:track)%00%(upstream:remotename)%00%(upstream:remoteref) refs/heads/main refs/remotes/main [7ms]
2026-09-13 17:07:09.930 [warning] [Git][getBranch] No such branch: main
2026-09-13 17:07:09.941 [info] > git for-each-ref --sort -committerdate --format %(refname)%00%(objectname)%00%(*objectname) [7ms]
2026-09-13 17:07:10.035 [info] > git status -z -uall [103ms]
2026-09-13 17:07:15.043 [info] [Git][getRemotes] No remotes found in the git config file
2026-09-13 17:07:15.048 [info] > git config --get commit.template [6ms]
2026-09-13 17:07:15.052 [info] > git for-each-ref --format=%(refname)%00%(upstream:short)%00%(objectname)%00%(upstream:track)%00%(upstream:remotename)%00%(upstream:remoteref) refs/heads/main refs/remotes/main [7ms]
2026-09-13 17:07:15.052 [warning] [Git][getBranch] No such branch: main
2026-09-13 17:07:15.063 [info] > git for-each-ref --sort -committerdate --format %(refname)%00%(objectname)%00%(*objectname) [8ms]
2026-09-13 17:07:15.151 [info] > git status -z -uall [97ms]
2026-09-13 17:07:20.159 [info] [Git][getRemotes] No remotes found in the git config file
2026-09-13 17:07:20.164 [info] > git config --get commit.template [4ms]
2026-09-13 17:07:20.168 [info] > git for-each-ref --format=%(refname)%00%(upstream:short)%00%(objectname)%00%(upstream:track)%00%(upstream:remotename)%00%(upstream:remoteref) refs/heads/main refs/remotes/main [7ms]
2026-09-13 17:07:20.168 [warning] [Git][getBranch] No such branch: main
2026-09-13 17:07:20.179 [info] > git for-each-ref --sort -committerdate --format %(refname)%00%(objectname)%00%(*objectname) [8ms]
2026-09-13 17:07:20.269 [info] > git status -z -uall [99ms]
2026-09-13 17:07:25.278 [info] [Git][getRemotes] No remotes found in the git config file
2026-09-13 17:07:25.283 [info] > git config --get commit.template [6ms]
2026-09-13 17:07:25.288 [info] > git for-each-ref --format=%(refname)%00%(upstream:short)%00%(objectname)%00%(upstream:track)%00%(upstream:remotename)%00%(upstream:remoteref) refs/heads/main refs/remotes/main [8ms]
2026-09-13 17:07:25.288 [warning] [Git][getBranch] No such branch: main
2026-09-13 17:07:25.300 [info] > git for-each-ref --sort -committerdate --format %(refname)%00%(objectname)%00%(*objectname) [9ms]
2026-09-13 17:07:25.395 [info] > git status -z -uall [106ms]
2026-09-13 17:07:30.403 [info] [Git][getRemotes] No remotes found in the git config file
2026-09-13 17:07:30.408 [info] > git config --get commit.template [6ms]
2026-09-13 17:07:30.413 [info] > git for-each-ref --format=%(refname)%00%(upstream:short)%00%(objectname)%00%(upstream:track)%00%(upstream:remotename)%00%(upstream:remoteref) refs/heads/main refs/remotes/main [8ms]
2026-09-13 17:07:30.413 [warning] [Git][getBranch] No such branch: main
2026-09-13 17:07:30.425 [info] > git for-each-ref --sort -committerdate --format %(refname)%00%(objectname)%00%(*objectname) [9ms]
2026-09-13 17:07:30.527 [info] > git status -z -uall [113ms]
2026-09-13 17:07:35.535 [info] [Git][getRemotes] No remotes found in the git config file
2026-09-13 17:07:35.540 [info] > git config --get commit.template [5ms]
2026-09-13 17:07:35.544 [info] > git for-each-ref --format=%(refname)%00%(upstream:short)%00%(objectname)%00%(upstream:track)%00%(upstream:remotename)%00%(upstream:remoteref) refs/heads/main refs/remotes/main [7ms]
2026-09-13 17:07:35.544 [warning] [Git][getBranch] No such branch: main
2026-09-13 17:07:35.554 [info] > git for-each-ref --sort -committerdate --format %(refname)%00%(objectname)%00%(*objectname) [7ms]
2026-09-13 17:07:35.644 [info] > git status -z -uall [99ms]
2026-09-13 17:07:40.654 [info] [Git][getRemotes] No remotes found in the git config file
2026-09-13 17:07:40.658 [info] > git config --get commit.template [6ms]
2026-09-13 17:07:40.662 [info] > git for-each-ref --format=%(refname)%00%(upstream:short)%00%(objectname)%00%(upstream:track)%00%(upstream:remotename)%00%(upstream:remoteref) refs/heads/main refs/remotes/main [8ms]
2026-09-13 17:07:40.662 [warning] [Git][getBranch] No such branch: main
2026-09-13 17:07:40.673 [info] > git for-each-ref --sort -committerdate --format %(refname)%00%(objectname)%00%(*objectname) [7ms]
2026-09-13 17:07:40.768 [info] > git status -z -uall [104ms]
2026-09-13 17:07:45.775 [info] [Git][getRemotes] No remotes found in the git config file
2026-09-13 17:07:45.780 [info] > git config --get commit.template [5ms]
2026-09-13 17:07:45.785 [info] > git for-each-ref --format=%(refname)%00%(upstream:short)%00%(objectname)%00%(upstream:track)%00%(upstream:remotename)%00%(upstream:remoteref) refs/heads/main refs/remotes/main [8ms]
2026-09-13 17:07:45.785 [warning] [Git][getBranch] No such branch: main
2026-09-13 17:07:45.796 [info] > git for-each-ref --sort -committerdate --format %(refname)%00%(objectname)%00%(*objectname) [8ms]
2026-09-13 17:07:45.900 [info] > git status -z -uall [113ms]
2026-09-13 17:07:50.908 [info] [Git][getRemotes] No remotes found in the git config file
2026-09-13 17:07:50.913 [info] > git config --get commit.template [5ms]
2026-09-13 17:07:50.918 [info] > git for-each-ref --format=%(refname)%00%(upstream:short)%00%(objectname)%00%(upstream:track)%00%(upstream:remotename)%00%(upstream:remoteref) refs/heads/main refs/remotes/main [8ms]
2026-09-13 17:07:50.918 [warning] [Git][getBranch] No such branch: main
2026-09-13 17:07:50.929 [info] > git for-each-ref --sort -committerdate --format %(refname)%00%(objectname)%00%(*objectname) [8ms]
2026-09-13 17:07:51.020 [info] > git status -z -uall [101ms]
2026-09-13 17:08:28.303 [info] [Git][getRemotes] No remotes found in the git config file
2026-09-13 17:08:28.308 [info] > git config --get commit.template [8ms]
2026-09-13 17:08:28.311 [info] > git for-each-ref --format=%(refname)%00%(upstream:short)%00%(objectname)%00%(upstream:track)%00%(upstream:remotename)%00%(upstream:remoteref) refs/heads/main refs/remotes/main [8ms]
2026-09-13 17:08:28.311 [warning] [Git][getBranch] No such branch: main
2026-09-13 17:08:28.325 [info] > git for-each-ref --sort -committerdate --format %(refname)%00%(objectname)%00%(*objectname) [10ms]
2026-09-13 17:08:28.425 [info] > git status -z -uall [112ms]
2026-09-13 17:08:33.436 [info] [Git][getRemotes] No remotes found in the git config file
2026-09-13 17:08:33.441 [info] > git config --get commit.template [6ms]
2026-09-13 17:08:33.446 [info] > git for-each-ref --format=%(refname)%00%(upstream:short)%00%(objectname)%00%(upstream:track)%00%(upstream:remotename)%00%(upstream:remoteref) refs/heads/main refs/remotes/main [8ms]
2026-09-13 17:08:33.446 [warning] [Git][getBranch] No such branch: main
2026-09-13 17:08:33.460 [info] > git for-each-ref --sort -committerdate --format %(refname)%00%(objectname)%00%(*objectname) [11ms]
2026-09-13 17:08:33.550 [info] > git status -z -uall [102ms]
2026-09-13 17:08:38.559 [info] [Git][getRemotes] No remotes found in the git config file
2026-09-13 17:08:38.563 [info] > git config --get commit.template [5ms]
2026-09-13 17:08:38.568 [info] > git for-each-ref --format=%(refname)%00%(upstream:short)%00%(objectname)%00%(upstream:track)%00%(upstream:remotename)%00%(upstream:remoteref) refs/heads/main refs/remotes/main [8ms]
2026-09-13 17:08:38.568 [warning] [Git][getBranch] No such branch: main
2026-09-13 17:08:38.579 [info] > git for-each-ref --sort -committerdate --format %(refname)%00%(objectname)%00%(*objectname) [7ms]
2026-09-13 17:08:38.672 [info] > git status -z -uall [102ms]
2026-09-13 17:08:43.680 [info] [Git][getRemotes] No remotes found in the git config file
2026-09-13 17:08:43.685 [info] > git config --get commit.template [5ms]
2026-09-13 17:08:43.689 [info] > git for-each-ref --format=%(refname)%00%(upstream:short)%00%(objectname)%00%(upstream:track)%00%(upstream:remotename)%00%(upstream:remoteref) refs/heads/main refs/remotes/main [7ms]
2026-09-13 17:08:43.689 [warning] [Git][getBranch] No such branch: main
2026-09-13 17:08:43.700 [info] > git for-each-ref --sort -committerdate --format %(refname)%00%(objectname)%00%(*objectname) [8ms]
2026-09-13 17:08:43.794 [info] > git status -z -uall [104ms]
2026-09-13 17:08:51.017 [info] [Git][getRemotes] No remotes found in the git config file
2026-09-13 17:08:51.022 [info] > git config --get commit.template [6ms]
2026-09-13 17:08:51.027 [info] > git for-each-ref --format=%(refname)%00%(upstream:short)%00%(objectname)%00%(upstream:track)%00%(upstream:remotename)%00%(upstream:remoteref) refs/heads/main refs/remotes/main [8ms]
2026-09-13 17:08:51.027 [warning] [Git][getBranch] No such branch: main
2026-09-13 17:08:51.039 [info] > git for-each-ref --sort -committerdate --format %(refname)%00%(objectname)%00%(*objectname) [9ms]
2026-09-13 17:08:51.138 [info] > git status -z -uall [109ms]
2026-09-13 17:08:56.149 [info] [Git][getRemotes] No remotes found in the git config file
2026-09-13 17:08:56.154 [info] > git config --get commit.template [7ms]
2026-09-13 17:08:56.158 [info] > git for-each-ref --format=%(refname)%00%(upstream:short)%00%(objectname)%00%(upstream:track)%00%(upstream:remotename)%00%(upstream:remoteref) refs/heads/main refs/remotes/main [9ms]
2026-09-13 17:08:56.158 [warning] [Git][getBranch] No such branch: main
2026-09-13 17:08:56.169 [info] > git for-each-ref --sort -committerdate --format %(refname)%00%(objectname)%00%(*objectname) [8ms]
2026-09-13 17:08:56.264 [info] > git status -z -uall [104ms]
2026-09-13 17:09:01.274 [info] [Git][getRemotes] No remotes found in the git config file
2026-09-13 17:09:01.279 [info] > git config --get commit.template [6ms]
2026-09-13 17:09:01.283 [info] > git for-each-ref --format=%(refname)%00%(upstream:short)%00%(objectname)%00%(upstream:track)%00%(upstream:remotename)%00%(upstream:remoteref) refs/heads/main refs/remotes/main [8ms]
2026-09-13 17:09:01.283 [warning] [Git][getBranch] No such branch: main
2026-09-13 17:09:01.294 [info] > git for-each-ref --sort -committerdate --format %(refname)%00%(objectname)%00%(*objectname) [7ms]
2026-09-13 17:09:01.391 [info] > git status -z -uall [106ms]
2026-09-13 17:09:06.398 [info] [Git][getRemotes] No remotes found in the git config file
2026-09-13 17:09:06.403 [info] > git config --get commit.template [6ms]
2026-09-13 17:09:06.414 [info] > git for-each-ref --format=%(refname)%00%(upstream:short)%00%(objectname)%00%(upstream:track)%00%(upstream:remotename)%00%(upstream:remoteref) refs/heads/main refs/remotes/main [14ms]
2026-09-13 17:09:06.414 [warning] [Git][getBranch] No such branch: main
2026-09-13 17:09:06.425 [info] > git for-each-ref --sort -committerdate --format %(refname)%00%(objectname)%00%(*objectname) [8ms]
2026-09-13 17:09:06.530 [info] > git status -z -uall [114ms]
2026-09-13 17:09:23.981 [info] [Git][getRemotes] No remotes found in the git config file
2026-09-13 17:09:23.985 [info] > git config --get commit.template [5ms]
2026-09-13 17:09:23.990 [info] > git for-each-ref --format=%(refname)%00%(upstream:short)%00%(objectname)%00%(upstream:track)%00%(upstream:remotename)%00%(upstream:remoteref) refs/heads/main refs/remotes/main [7ms]
2026-09-13 17:09:23.990 [warning] [Git][getBranch] No such branch: main
2026-09-13 17:09:24.002 [info] > git for-each-ref --sort -committerdate --format %(refname)%00%(objectname)%00%(*objectname) [9ms]
2026-09-13 17:09:24.104 [info] > git status -z -uall [112ms]
