2026-09-09 07:18:54.696 [info] Telemetry level is off
2026-09-09 07:18:54.696 [info] Experiments are disabled, only manually opted experiments are active.
2026-09-09 07:18:54.696 [warning] Dir "/voc/work/.pixi/envs" is not watchable (directory does not exist)
2026-09-09 07:18:54.696 [info] Starting Environment refresh
2026-09-09 07:18:54.696 [info] Searching for interpreters in posix paths locator
2026-09-09 07:18:54.696 [info] Searching for pyenv environments
2026-09-09 07:18:54.696 [info] Searching for conda environments
2026-09-09 07:18:54.696 [info] Searching for global virtual environments
2026-09-09 07:18:54.696 [info] Searching for custom virtual environments
2026-09-09 07:18:54.696 [info] Skipping ActivatedEnv Detection:  process.env.VSCODE_CLI !== '1'
2026-09-09 07:18:54.696 [info] Skipping ActivatedEnv Detection:  process.env.VSCODE_CLI !== '1'
2026-09-09 07:18:54.696 [info] pyenv is not installed
2026-09-09 07:18:54.696 [info] Finished searching for pyenv environments: 41 milliseconds
2026-09-09 07:18:54.696 [info] Finished searching for custom virtual envs: 41 milliseconds
2026-09-09 07:18:54.696 [info] > conda info --json
2026-09-09 07:18:54.696 [info] > hatch env show --json
2026-09-09 07:18:54.696 [info] cwd: .
2026-09-09 07:18:54.696 [info] > pyenv which python
2026-09-09 07:18:54.696 [info] cwd: .
2026-09-09 07:18:54.696 [info] Finished searching for global virtual envs: 85 milliseconds
2026-09-09 07:18:54.696 [info] Found: /bin/python --> /bin/python3.10
2026-09-09 07:18:54.696 [info] Found: /bin/python3 --> /bin/python3.10
2026-09-09 07:18:54.696 [info] Found: /bin/python3.10 --> /bin/python3.10
2026-09-09 07:18:54.696 [info] Found: /bin/python3.8 --> /bin/python3.8
2026-09-09 07:18:54.710 [info] Found: /usr/bin/python --> /usr/bin/python3.10
2026-09-09 07:18:54.710 [info] Found: /usr/bin/python3 --> /usr/bin/python3.10
2026-09-09 07:18:54.710 [info] Found: /usr/bin/python3.10 --> /usr/bin/python3.10
2026-09-09 07:18:54.713 [info] Found: /usr/bin/python3.8 --> /usr/bin/python3.8
2026-09-09 07:18:54.740 [info] > /bin/python -I /usr/local/lib/code-server-4.103.2/lib/vscode/extensions/ms-python.python-2025.12.0/python_files/get_output_via_markers.py /usr/local/lib/code-server-4.103.2/lib/vscode/extensions/ms-python.python-2025.12.0/python_files/interpreterInfo.py
2026-09-09 07:18:54.748 [info] > /bin/python3.8 -I /usr/local/lib/code-server-4.103.2/lib/vscode/extensions/ms-python.python-2025.12.0/python_files/get_output_via_markers.py /usr/local/lib/code-server-4.103.2/lib/vscode/extensions/ms-python.python-2025.12.0/python_files/interpreterInfo.py
2026-09-09 07:18:54.754 [info] Finished searching for interpreters in posix paths locator: 164 milliseconds
2026-09-09 07:18:54.763 [info] Environments refresh paths discovered (event): 173 milliseconds
2026-09-09 07:18:54.764 [info] Environments refresh paths discovered: 173 milliseconds
2026-09-09 07:18:54.773 [info] > /usr/bin/python -I /usr/local/lib/code-server-4.103.2/lib/vscode/extensions/ms-python.python-2025.12.0/python_files/get_output_via_markers.py /usr/local/lib/code-server-4.103.2/lib/vscode/extensions/ms-python.python-2025.12.0/python_files/interpreterInfo.py
2026-09-09 07:18:54.778 [info] > /usr/bin/python3.8 -I /usr/local/lib/code-server-4.103.2/lib/vscode/extensions/ms-python.python-2025.12.0/python_files/get_output_via_markers.py /usr/local/lib/code-server-4.103.2/lib/vscode/extensions/ms-python.python-2025.12.0/python_files/interpreterInfo.py
2026-09-09 07:18:54.802 [info] Environments refresh finished (event): 212 milliseconds
2026-09-09 07:18:54.808 [info] Environment refresh took 218 milliseconds
2026-09-09 07:18:54.811 [info] Python interpreter path: /bin/python
2026-09-09 07:18:56.503 [info] Starting Jedi language server for work.
