2026-09-09 09:26:21.143 [info] [main] Log level: Info
2026-09-09 09:26:21.143 [info] [main] Validating found git in: "git"
2026-09-09 09:26:21.143 [info] [main] Using git "2.25.1" from "git"
2026-09-09 09:26:21.143 [info] [Model][doInitialScan] Initial repository scan started
2026-09-09 09:26:21.143 [info] > git rev-parse --show-toplevel [3ms]
2026-09-09 09:26:21.143 [info] fatal: not a git repository (or any parent up to mount point /voc)
Stopping at filesystem boundary (GIT_DISCOVERY_ACROSS_FILESYSTEM not set).
2026-09-09 09:26:21.143 [info] > git rev-parse --show-toplevel [2ms]
2026-09-09 09:26:21.143 [info] fatal: not a git repository (or any parent up to mount point /voc)
Stopping at filesystem boundary (GIT_DISCOVERY_ACROSS_FILESYSTEM not set).
2026-09-09 09:26:21.143 [info] > git rev-parse --show-toplevel [2ms]
2026-09-09 09:26:21.143 [info] fatal: not a git repository (or any parent up to mount point /voc)
Stopping at filesystem boundary (GIT_DISCOVERY_ACROSS_FILESYSTEM not set).
2026-09-09 09:26:21.143 [info] > git rev-parse --show-toplevel [2ms]
2026-09-09 09:26:21.143 [info] fatal: not a git repository (or any parent up to mount point /voc)
Stopping at filesystem boundary (GIT_DISCOVERY_ACROSS_FILESYSTEM not set).
2026-09-09 09:26:21.143 [info] > git rev-parse --show-toplevel [2ms]
2026-09-09 09:26:21.143 [info] fatal: not a git repository (or any parent up to mount point /voc)
Stopping at filesystem boundary (GIT_DISCOVERY_ACROSS_FILESYSTEM not set).
2026-09-09 09:26:21.143 [info] > git rev-parse --show-toplevel [2ms]
2026-09-09 09:26:21.143 [info] fatal: not a git repository (or any parent up to mount point /voc)
Stopping at filesystem boundary (GIT_DISCOVERY_ACROSS_FILESYSTEM not set).
2026-09-09 09:26:21.143 [info] > git rev-parse --show-toplevel [2ms]
2026-09-09 09:26:21.143 [info] fatal: not a git repository (or any parent up to mount point /voc)
Stopping at filesystem boundary (GIT_DISCOVERY_ACROSS_FILESYSTEM not set).
2026-09-09 09:26:21.143 [info] > git rev-parse --show-toplevel [2ms]
2026-09-09 09:26:21.143 [info] fatal: not a git repository (or any parent up to mount point /voc)
Stopping at filesystem boundary (GIT_DISCOVERY_ACROSS_FILESYSTEM not set).
2026-09-09 09:26:21.143 [info] > git rev-parse --show-toplevel [2ms]
2026-09-09 09:26:21.143 [info] fatal: not a git repository (or any parent up to mount point /voc)
Stopping at filesystem boundary (GIT_DISCOVERY_ACROSS_FILESYSTEM not set).
2026-09-09 09:26:21.143 [info] > git rev-parse --show-toplevel [8ms]
2026-09-09 09:26:21.143 [info] > git rev-parse --git-dir --git-common-dir --show-superproject-working-tree [10ms]
2026-09-09 09:26:21.143 [info] [Model][openRepository] Opened repository (path): /voc/work/divya-capstone
2026-09-09 09:26:21.143 [info] [Model][openRepository] Opened repository (real path): /voc/work/divya-capstone
2026-09-09 09:26:21.143 [info] [Model][openRepository] Opened repository (kind): repository
2026-09-09 09:26:21.143 [info] [Git][getRemotes] No remotes found in the git config file
2026-09-09 09:26:21.143 [info] > git rev-parse --show-toplevel [2ms]
2026-09-09 09:26:21.143 [info] fatal: not a git repository (or any parent up to mount point /voc)
Stopping at filesystem boundary (GIT_DISCOVERY_ACROSS_FILESYSTEM not set).
2026-09-09 09:26:21.146 [info] > git config --get commit.template [8ms]
2026-09-09 09:26:21.146 [info] > git rev-parse --show-toplevel [3ms]
2026-09-09 09:26:21.146 [info] fatal: not a git repository (or any parent up to mount point /voc)
Stopping at filesystem boundary (GIT_DISCOVERY_ACROSS_FILESYSTEM not set).
2026-09-09 09:26:21.146 [info] [Model][doInitialScan] Initial repository scan completed - repositories (1), closed repositories (0), parent repositories (0), unsafe repositories (0)
2026-09-09 09:26:21.146 [info] > git for-each-ref --format=%(refname)%00%(upstream:short)%00%(objectname)%00%(upstream:track)%00%(upstream:remotename)%00%(upstream:remoteref) refs/heads/main refs/remotes/main [12ms]
2026-09-09 09:26:21.146 [warning] [Git][getBranch] No such branch: main
2026-09-09 09:26:21.146 [info] > git for-each-ref --sort -committerdate --format %(refname)%00%(objectname)%00%(*objectname) [12ms]
2026-09-09 09:26:21.146 [info] > git status -z -uall [21ms]
2026-09-09 09:26:21.146 [info] [Git][getRemotes] No remotes found in the git config file
2026-09-09 09:26:21.146 [info] > git config --get commit.template [8ms]
2026-09-09 09:26:21.146 [info] > git for-each-ref --format=%(refname)%00%(upstream:short)%00%(objectname)%00%(upstream:track)%00%(upstream:remotename)%00%(upstream:remoteref) refs/heads/main refs/remotes/main [12ms]
2026-09-09 09:26:21.146 [warning] [Git][getBranch] No such branch: main
2026-09-09 09:26:21.146 [error] [GitHistoryProvider][resolveHEADMergeBase] Failed to resolve merge base for main: Error: No such branch: main.
2026-09-09 09:26:21.146 [info] > git for-each-ref --format=%(refname)%00%(upstream:short)%00%(objectname)%00%(upstream:track)%00%(upstream:remotename)%00%(upstream:remoteref) refs/heads/main refs/remotes/main [10ms]
2026-09-09 09:26:21.146 [warning] [Git][getBranch] No such branch: main
2026-09-09 09:26:21.146 [info] > git for-each-ref --sort -committerdate --format %(refname)%00%(objectname)%00%(*objectname) [12ms]
2026-09-09 09:26:21.146 [info] > git status -z -uall [21ms]
2026-09-09 09:26:21.634 [info] > git check-ignore -v -z --stdin [13ms]
