2026-09-03 10:38:42.940 [info] Telemetry level is off
2026-09-03 10:38:42.940 [info] Experiments are disabled, only manually opted experiments are active.
2026-09-03 10:38:42.940 [warning] Dir "/voc/work/.pixi/envs" is not watchable (directory does not exist)
2026-09-03 10:38:42.943 [info] Starting Environment refresh
2026-09-03 10:38:42.943 [info] Searching for interpreters in posix paths locator
2026-09-03 10:38:42.943 [info] Searching for pyenv environments
2026-09-03 10:38:42.943 [info] Searching for conda environments
2026-09-03 10:38:42.943 [info] Searching for global virtual environments
2026-09-03 10:38:42.943 [info] Searching for custom virtual environments
2026-09-03 10:38:42.943 [info] Skipping ActivatedEnv Detection:  process.env.VSCODE_CLI !== '1'
2026-09-03 10:38:42.943 [info] Skipping ActivatedEnv Detection:  process.env.VSCODE_CLI !== '1'
2026-09-03 10:38:42.943 [info] pyenv is not installed
2026-09-03 10:38:42.943 [info] Finished searching for pyenv environments: 40 milliseconds
2026-09-03 10:38:42.943 [info] Finished searching for custom virtual envs: 39 milliseconds
2026-09-03 10:38:42.943 [info] > conda info --json
2026-09-03 10:38:42.943 [info] > hatch env show --json
2026-09-03 10:38:42.943 [info] cwd: .
2026-09-03 10:38:42.943 [info] > pyenv which python
2026-09-03 10:38:42.943 [info] cwd: .
2026-09-03 10:38:42.943 [info] Finished searching for global virtual envs: 94 milliseconds
2026-09-03 10:38:42.943 [info] Found: /bin/python --> /bin/python3.10
2026-09-03 10:38:42.944 [info] Found: /bin/python3 --> /bin/python3.10
2026-09-03 10:38:42.949 [info] Found: /bin/python3.10 --> /bin/python3.10
2026-09-03 10:38:42.954 [info] Found: /bin/python3.8 --> /bin/python3.8
2026-09-03 10:38:42.965 [info] Found: /usr/bin/python --> /usr/bin/python3.10
2026-09-03 10:38:42.965 [info] Found: /usr/bin/python3 --> /usr/bin/python3.10
2026-09-03 10:38:42.969 [info] Found: /usr/bin/python3.10 --> /usr/bin/python3.10
2026-09-03 10:38:42.969 [info] Found: /usr/bin/python3.8 --> /usr/bin/python3.8
2026-09-03 10:38:42.987 [info] > /bin/python -I /usr/local/lib/code-server-4.103.2/lib/vscode/extensions/ms-python.python-2025.12.0/python_files/get_output_via_markers.py /usr/local/lib/code-server-4.103.2/lib/vscode/extensions/ms-python.python-2025.12.0/python_files/interpreterInfo.py
2026-09-03 10:38:42.998 [info] > /bin/python3.8 -I /usr/local/lib/code-server-4.103.2/lib/vscode/extensions/ms-python.python-2025.12.0/python_files/get_output_via_markers.py /usr/local/lib/code-server-4.103.2/lib/vscode/extensions/ms-python.python-2025.12.0/python_files/interpreterInfo.py
2026-09-03 10:38:43.005 [info] Finished searching for interpreters in posix paths locator: 176 milliseconds
2026-09-03 10:38:43.011 [info] Environments refresh paths discovered (event): 184 milliseconds
2026-09-03 10:38:43.011 [info] Environments refresh paths discovered: 184 milliseconds
2026-09-03 10:38:43.017 [info] > /usr/bin/python -I /usr/local/lib/code-server-4.103.2/lib/vscode/extensions/ms-python.python-2025.12.0/python_files/get_output_via_markers.py /usr/local/lib/code-server-4.103.2/lib/vscode/extensions/ms-python.python-2025.12.0/python_files/interpreterInfo.py
2026-09-03 10:38:43.033 [info] > /usr/bin/python3.8 -I /usr/local/lib/code-server-4.103.2/lib/vscode/extensions/ms-python.python-2025.12.0/python_files/get_output_via_markers.py /usr/local/lib/code-server-4.103.2/lib/vscode/extensions/ms-python.python-2025.12.0/python_files/interpreterInfo.py
2026-09-03 10:38:43.056 [info] Environments refresh finished (event): 229 milliseconds
2026-09-03 10:38:43.062 [info] Environment refresh took 234 milliseconds
2026-09-03 10:38:43.064 [info] Python interpreter path: /bin/python
2026-09-03 10:38:44.707 [info] Starting Jedi language server for work.
