2026-09-01 15:47:02.743 [info] [main] Log level: Info
2026-09-01 15:47:02.743 [info] [main] Validating found git in: "git"
2026-09-01 15:47:02.743 [info] [main] Using git "2.25.1" from "git"
2026-09-01 15:47:02.743 [info] [Model][doInitialScan] Initial repository scan started
2026-09-01 15:47:02.743 [info] > git rev-parse --show-toplevel [3ms]
2026-09-01 15:47:02.743 [info] fatal: not a git repository (or any parent up to mount point /voc)
Stopping at filesystem boundary (GIT_DISCOVERY_ACROSS_FILESYSTEM not set).
2026-09-01 15:47:02.743 [info] > git rev-parse --show-toplevel [10ms]
2026-09-01 15:47:02.743 [info] > git rev-parse --git-dir --git-common-dir --show-superproject-working-tree [12ms]
2026-09-01 15:47:02.743 [info] [Model][openRepository] Opened repository (path): /voc/work/divya-capstone
2026-09-01 15:47:02.743 [info] [Model][openRepository] Opened repository (real path): /voc/work/divya-capstone
2026-09-01 15:47:02.743 [info] [Model][openRepository] Opened repository (kind): repository
2026-09-01 15:47:02.743 [info] [Git][getRemotes] No remotes found in the git config file
2026-09-01 15:47:02.743 [info] > git rev-parse --show-toplevel [8ms]
2026-09-01 15:47:02.743 [info] fatal: not a git repository (or any parent up to mount point /voc)
Stopping at filesystem boundary (GIT_DISCOVERY_ACROSS_FILESYSTEM not set).
2026-09-01 15:47:02.743 [info] > git config --get commit.template [10ms]
2026-09-01 15:47:02.743 [info] > git rev-parse --show-toplevel [9ms]
2026-09-01 15:47:02.743 [info] fatal: not a git repository (or any parent up to mount point /voc)
Stopping at filesystem boundary (GIT_DISCOVERY_ACROSS_FILESYSTEM not set).
2026-09-01 15:47:02.743 [info] > git for-each-ref --format=%(refname)%00%(upstream:short)%00%(objectname)%00%(upstream:track)%00%(upstream:remotename)%00%(upstream:remoteref) refs/heads/main refs/remotes/main [15ms]
2026-09-01 15:47:02.743 [warning] [Git][getBranch] No such branch: main
2026-09-01 15:47:02.743 [info] > git rev-parse --show-toplevel [8ms]
2026-09-01 15:47:02.743 [info] fatal: not a git repository (or any parent up to mount point /voc)
Stopping at filesystem boundary (GIT_DISCOVERY_ACROSS_FILESYSTEM not set).
2026-09-01 15:47:02.743 [info] > git rev-parse --show-toplevel [3ms]
2026-09-01 15:47:02.743 [info] fatal: not a git repository (or any parent up to mount point /voc)
Stopping at filesystem boundary (GIT_DISCOVERY_ACROSS_FILESYSTEM not set).
2026-09-01 15:47:02.743 [info] > git rev-parse --show-toplevel [3ms]
2026-09-01 15:47:02.743 [info] fatal: not a git repository (or any parent up to mount point /voc)
Stopping at filesystem boundary (GIT_DISCOVERY_ACROSS_FILESYSTEM not set).
2026-09-01 15:47:02.743 [info] > git rev-parse --show-toplevel [3ms]
2026-09-01 15:47:02.743 [info] fatal: not a git repository (or any parent up to mount point /voc)
Stopping at filesystem boundary (GIT_DISCOVERY_ACROSS_FILESYSTEM not set).
2026-09-01 15:47:02.743 [info] > git for-each-ref --sort -committerdate --format %(refname)%00%(objectname)%00%(*objectname) [15ms]
2026-09-01 15:47:02.743 [info] > git rev-parse --show-toplevel [3ms]
2026-09-01 15:47:02.743 [info] fatal: not a git repository (or any parent up to mount point /voc)
Stopping at filesystem boundary (GIT_DISCOVERY_ACROSS_FILESYSTEM not set).
2026-09-01 15:47:02.743 [info] [Model][doInitialScan] Initial repository scan completed - repositories (1), closed repositories (0), parent repositories (0), unsafe repositories (0)
2026-09-01 15:47:02.743 [info] > git status -z -uall [24ms]
2026-09-01 15:47:02.743 [info] > git rev-parse --show-toplevel [11ms]
2026-09-01 15:47:02.743 [info] fatal: not a git repository (or any parent up to mount point /voc)
Stopping at filesystem boundary (GIT_DISCOVERY_ACROSS_FILESYSTEM not set).
2026-09-01 15:47:02.743 [info] [Git][getRemotes] No remotes found in the git config file
2026-09-01 15:47:02.743 [info] > git config --get commit.template [10ms]
2026-09-01 15:47:02.743 [info] > git for-each-ref --format=%(refname)%00%(upstream:short)%00%(objectname)%00%(upstream:track)%00%(upstream:remotename)%00%(upstream:remoteref) refs/heads/main refs/remotes/main [14ms]
2026-09-01 15:47:02.743 [warning] [Git][getBranch] No such branch: main
2026-09-01 15:47:02.743 [error] [GitHistoryProvider][resolveHEADMergeBase] Failed to resolve merge base for main: Error: No such branch: main.
2026-09-01 15:47:02.743 [info] > git for-each-ref --format=%(refname)%00%(upstream:short)%00%(objectname)%00%(upstream:track)%00%(upstream:remotename)%00%(upstream:remoteref) refs/heads/main refs/remotes/main [15ms]
2026-09-01 15:47:02.743 [warning] [Git][getBranch] No such branch: main
2026-09-01 15:47:02.743 [info] > git for-each-ref --sort -committerdate --format %(refname)%00%(objectname)%00%(*objectname) [14ms]
2026-09-01 15:47:02.743 [info] > git status -z -uall [29ms]
2026-09-01 15:47:02.743 [info] > git rev-parse --show-toplevel [3ms]
2026-09-01 15:47:02.743 [info] fatal: not a git repository (or any parent up to mount point /voc)
Stopping at filesystem boundary (GIT_DISCOVERY_ACROSS_FILESYSTEM not set).
2026-09-01 15:47:03.398 [info] > git check-ignore -v -z --stdin [19ms]
2026-09-01 15:47:05.503 [info] > git rev-parse --show-toplevel [3ms]
2026-09-01 15:47:05.503 [info] fatal: not a git repository (or any parent up to mount point /voc)
Stopping at filesystem boundary (GIT_DISCOVERY_ACROSS_FILESYSTEM not set).
2026-09-01 15:47:51.753 [info] > git check-ignore -v -z --stdin [18ms]
