2026-09-09 07:03:26.379 [info] [main] Log level: Info
2026-09-09 07:03:26.379 [info] [main] Validating found git in: "git"
2026-09-09 07:03:26.379 [info] [main] Using git "2.25.1" from "git"
2026-09-09 07:03:26.379 [info] [Model][doInitialScan] Initial repository scan started
2026-09-09 07:03:26.379 [info] > git rev-parse --show-toplevel [2ms]
2026-09-09 07:03:26.379 [info] fatal: not a git repository (or any parent up to mount point /voc)
Stopping at filesystem boundary (GIT_DISCOVERY_ACROSS_FILESYSTEM not set).
2026-09-09 07:03:26.379 [info] > git rev-parse --show-toplevel [3ms]
2026-09-09 07:03:26.379 [info] fatal: not a git repository (or any parent up to mount point /voc)
Stopping at filesystem boundary (GIT_DISCOVERY_ACROSS_FILESYSTEM not set).
2026-09-09 07:03:26.379 [info] > git rev-parse --show-toplevel [2ms]
2026-09-09 07:03:26.379 [info] fatal: not a git repository (or any parent up to mount point /voc)
Stopping at filesystem boundary (GIT_DISCOVERY_ACROSS_FILESYSTEM not set).
2026-09-09 07:03:26.379 [info] > git rev-parse --show-toplevel [2ms]
2026-09-09 07:03:26.379 [info] fatal: not a git repository (or any parent up to mount point /voc)
Stopping at filesystem boundary (GIT_DISCOVERY_ACROSS_FILESYSTEM not set).
2026-09-09 07:03:26.379 [info] > git rev-parse --show-toplevel [2ms]
2026-09-09 07:03:26.379 [info] fatal: not a git repository (or any parent up to mount point /voc)
Stopping at filesystem boundary (GIT_DISCOVERY_ACROSS_FILESYSTEM not set).
2026-09-09 07:03:26.379 [info] > git rev-parse --show-toplevel [2ms]
2026-09-09 07:03:26.379 [info] fatal: not a git repository (or any parent up to mount point /voc)
Stopping at filesystem boundary (GIT_DISCOVERY_ACROSS_FILESYSTEM not set).
2026-09-09 07:03:26.379 [info] > git rev-parse --show-toplevel [2ms]
2026-09-09 07:03:26.379 [info] fatal: not a git repository (or any parent up to mount point /voc)
Stopping at filesystem boundary (GIT_DISCOVERY_ACROSS_FILESYSTEM not set).
2026-09-09 07:03:26.379 [info] > git rev-parse --show-toplevel [1ms]
2026-09-09 07:03:26.379 [info] fatal: not a git repository (or any parent up to mount point /voc)
Stopping at filesystem boundary (GIT_DISCOVERY_ACROSS_FILESYSTEM not set).
2026-09-09 07:03:26.379 [info] > git rev-parse --show-toplevel [2ms]
2026-09-09 07:03:26.379 [info] fatal: not a git repository (or any parent up to mount point /voc)
Stopping at filesystem boundary (GIT_DISCOVERY_ACROSS_FILESYSTEM not set).
2026-09-09 07:03:26.379 [info] > git rev-parse --show-toplevel [5ms]
2026-09-09 07:03:26.379 [info] > git rev-parse --git-dir --git-common-dir --show-superproject-working-tree [8ms]
2026-09-09 07:03:26.389 [info] [Model][openRepository] Opened repository (path): /voc/work/divya-capstone
2026-09-09 07:03:26.389 [info] [Model][openRepository] Opened repository (real path): /voc/work/divya-capstone
2026-09-09 07:03:26.389 [info] [Model][openRepository] Opened repository (kind): repository
2026-09-09 07:03:26.389 [info] [Git][getRemotes] No remotes found in the git config file
2026-09-09 07:03:26.389 [info] > git rev-parse --show-toplevel [3ms]
2026-09-09 07:03:26.389 [info] fatal: not a git repository (or any parent up to mount point /voc)
Stopping at filesystem boundary (GIT_DISCOVERY_ACROSS_FILESYSTEM not set).
2026-09-09 07:03:26.389 [info] > git config --get commit.template [6ms]
2026-09-09 07:03:26.389 [info] > git rev-parse --show-toplevel [2ms]
2026-09-09 07:03:26.389 [info] fatal: not a git repository (or any parent up to mount point /voc)
Stopping at filesystem boundary (GIT_DISCOVERY_ACROSS_FILESYSTEM not set).
2026-09-09 07:03:26.389 [info] [Model][doInitialScan] Initial repository scan completed - repositories (1), closed repositories (0), parent repositories (0), unsafe repositories (0)
2026-09-09 07:03:26.389 [info] > git for-each-ref --format=%(refname)%00%(upstream:short)%00%(objectname)%00%(upstream:track)%00%(upstream:remotename)%00%(upstream:remoteref) refs/heads/main refs/remotes/main [7ms]
2026-09-09 07:03:26.389 [warning] [Git][getBranch] No such branch: main
2026-09-09 07:03:26.389 [info] > git for-each-ref --sort -committerdate --format %(refname)%00%(objectname)%00%(*objectname) [8ms]
2026-09-09 07:03:26.389 [info] > git status -z -uall [16ms]
2026-09-09 07:03:26.389 [info] [Git][getRemotes] No remotes found in the git config file
2026-09-09 07:03:26.389 [info] > git for-each-ref --format=%(refname)%00%(upstream:short)%00%(objectname)%00%(upstream:track)%00%(upstream:remotename)%00%(upstream:remoteref) refs/heads/main refs/remotes/main [7ms]
2026-09-09 07:03:26.389 [warning] [Git][getBranch] No such branch: main
2026-09-09 07:03:26.389 [error] [GitHistoryProvider][resolveHEADMergeBase] Failed to resolve merge base for main: Error: No such branch: main.
2026-09-09 07:03:26.389 [info] > git config --get commit.template [5ms]
2026-09-09 07:03:26.389 [info] > git for-each-ref --format=%(refname)%00%(upstream:short)%00%(objectname)%00%(upstream:track)%00%(upstream:remotename)%00%(upstream:remoteref) refs/heads/main refs/remotes/main [8ms]
2026-09-09 07:03:26.389 [warning] [Git][getBranch] No such branch: main
2026-09-09 07:03:26.389 [info] > git for-each-ref --sort -committerdate --format %(refname)%00%(objectname)%00%(*objectname) [9ms]
2026-09-09 07:03:26.389 [info] > git status -z -uall [16ms]
2026-09-09 07:03:26.863 [info] > git check-ignore -v -z --stdin [8ms]
2026-09-09 07:17:41.432 [info] > git check-ignore -v -z --stdin [17ms]
2026-09-09 07:17:42.362 [info] > git check-ignore -v -z --stdin [12ms]
2026-09-09 07:18:53.098 [info] > git check-ignore -v -z --stdin [14ms]
2026-09-09 07:18:53.346 [info] [Git][getRemotes] No remotes found in the git config file
2026-09-09 07:18:53.347 [info] > git config --get commit.template [6ms]
2026-09-09 07:18:53.358 [info] > git for-each-ref --format=%(refname)%00%(upstream:short)%00%(objectname)%00%(upstream:track)%00%(upstream:remotename)%00%(upstream:remoteref) refs/heads/main refs/remotes/main [12ms]
2026-09-09 07:18:53.358 [warning] [Git][getBranch] No such branch: main
2026-09-09 07:18:53.378 [info] > git for-each-ref --sort -committerdate --format %(refname)%00%(objectname)%00%(*objectname) [10ms]
2026-09-09 07:18:53.386 [info] > git status -z -uall [20ms]
2026-09-09 07:18:55.633 [info] > git rev-parse --show-toplevel [3ms]
2026-09-09 07:18:55.633 [info] fatal: not a git repository (or any parent up to mount point /voc)
Stopping at filesystem boundary (GIT_DISCOVERY_ACROSS_FILESYSTEM not set).
2026-09-09 07:19:00.155 [info] > git rev-parse --show-toplevel [2ms]
2026-09-09 07:19:00.155 [info] fatal: not a git repository (or any parent up to mount point /voc)
Stopping at filesystem boundary (GIT_DISCOVERY_ACROSS_FILESYSTEM not set).
2026-09-09 07:19:11.936 [info] [Git][getRemotes] No remotes found in the git config file
2026-09-09 07:19:11.936 [info] > git check-ignore -v -z --stdin [11ms]
2026-09-09 07:19:11.941 [info] > git config --get commit.template [8ms]
2026-09-09 07:19:11.945 [info] > git for-each-ref --format=%(refname)%00%(upstream:short)%00%(objectname)%00%(upstream:track)%00%(upstream:remotename)%00%(upstream:remoteref) refs/heads/main refs/remotes/main [9ms]
2026-09-09 07:19:11.945 [warning] [Git][getBranch] No such branch: main
2026-09-09 07:19:11.963 [info] > git for-each-ref --sort -committerdate --format %(refname)%00%(objectname)%00%(*objectname) [9ms]
2026-09-09 07:19:11.969 [info] > git status -z -uall [18ms]
2026-09-09 07:19:25.440 [info] > git check-ignore -v -z --stdin [10ms]
2026-09-09 07:19:25.453 [info] [Git][getRemotes] No remotes found in the git config file
2026-09-09 07:19:25.457 [info] > git config --get commit.template [7ms]
2026-09-09 07:19:25.461 [info] > git for-each-ref --format=%(refname)%00%(upstream:short)%00%(objectname)%00%(upstream:track)%00%(upstream:remotename)%00%(upstream:remoteref) refs/heads/main refs/remotes/main [8ms]
2026-09-09 07:19:25.462 [warning] [Git][getBranch] No such branch: main
2026-09-09 07:19:25.480 [info] > git for-each-ref --sort -committerdate --format %(refname)%00%(objectname)%00%(*objectname) [10ms]
2026-09-09 07:19:25.485 [info] > git status -z -uall [17ms]
2026-09-09 07:19:41.382 [info] > git check-ignore -v -z --stdin [9ms]
2026-09-09 07:19:41.451 [info] [Git][getRemotes] No remotes found in the git config file
2026-09-09 07:19:41.455 [info] > git config --get commit.template [5ms]
2026-09-09 07:19:41.462 [info] > git for-each-ref --format=%(refname)%00%(upstream:short)%00%(objectname)%00%(upstream:track)%00%(upstream:remotename)%00%(upstream:remoteref) refs/heads/main refs/remotes/main [9ms]
2026-09-09 07:19:41.462 [warning] [Git][getBranch] No such branch: main
2026-09-09 07:19:41.483 [info] > git for-each-ref --sort -committerdate --format %(refname)%00%(objectname)%00%(*objectname) [12ms]
2026-09-09 07:19:41.487 [info] > git status -z -uall [18ms]
2026-09-09 07:19:50.833 [info] [Git][getRemotes] No remotes found in the git config file
2026-09-09 07:19:50.838 [info] > git check-ignore -v -z --stdin [12ms]
2026-09-09 07:19:50.838 [info] > git config --get commit.template [8ms]
2026-09-09 07:19:50.843 [info] > git for-each-ref --format=%(refname)%00%(upstream:short)%00%(objectname)%00%(upstream:track)%00%(upstream:remotename)%00%(upstream:remoteref) refs/heads/main refs/remotes/main [10ms]
2026-09-09 07:19:50.843 [warning] [Git][getBranch] No such branch: main
2026-09-09 07:19:50.857 [info] > git for-each-ref --sort -committerdate --format %(refname)%00%(objectname)%00%(*objectname) [10ms]
2026-09-09 07:19:50.864 [info] > git status -z -uall [19ms]
