2026-09-13 16:28:36.458 [info] Telemetry level is off
2026-09-13 16:28:36.458 [info] Experiments are disabled, only manually opted experiments are active.
2026-09-13 16:28:36.458 [warning] Dir "/voc/work/.pixi/envs" is not watchable (directory does not exist)
2026-09-13 16:28:36.458 [info] Starting Environment refresh
2026-09-13 16:28:36.461 [info] Searching for interpreters in posix paths locator
2026-09-13 16:28:36.461 [info] Searching for pyenv environments
2026-09-13 16:28:36.461 [info] Searching for conda environments
2026-09-13 16:28:36.461 [info] Searching for global virtual environments
2026-09-13 16:28:36.461 [info] Searching for custom virtual environments
2026-09-13 16:28:36.461 [info] Skipping ActivatedEnv Detection:  process.env.VSCODE_CLI !== '1'
2026-09-13 16:28:36.461 [info] Skipping ActivatedEnv Detection:  process.env.VSCODE_CLI !== '1'
2026-09-13 16:28:36.461 [info] pyenv is not installed
2026-09-13 16:28:36.461 [info] Finished searching for pyenv environments: 38 milliseconds
2026-09-13 16:28:36.461 [info] Finished searching for custom virtual envs: 38 milliseconds
2026-09-13 16:28:36.461 [info] > conda info --json
2026-09-13 16:28:36.461 [info] > hatch env show --json
2026-09-13 16:28:36.461 [info] cwd: .
2026-09-13 16:28:36.461 [info] > pyenv which python
2026-09-13 16:28:36.461 [info] cwd: .
2026-09-13 16:28:36.461 [info] Finished searching for global virtual envs: 77 milliseconds
2026-09-13 16:28:36.461 [info] Found: /bin/python --> /bin/python3.10
2026-09-13 16:28:36.461 [info] Found: /bin/python3 --> /bin/python3.10
2026-09-13 16:28:36.461 [info] Found: /bin/python3.10 --> /bin/python3.10
2026-09-13 16:28:36.463 [info] Found: /bin/python3.8 --> /bin/python3.8
2026-09-13 16:28:36.474 [info] Found: /usr/bin/python --> /usr/bin/python3.10
2026-09-13 16:28:36.474 [info] Found: /usr/bin/python3 --> /usr/bin/python3.10
2026-09-13 16:28:36.477 [info] Found: /usr/bin/python3.10 --> /usr/bin/python3.10
2026-09-13 16:28:36.477 [info] Found: /usr/bin/python3.8 --> /usr/bin/python3.8
2026-09-13 16:28:36.495 [info] > /bin/python -I /usr/local/lib/code-server-4.103.2/lib/vscode/extensions/ms-python.python-2025.12.0/python_files/get_output_via_markers.py /usr/local/lib/code-server-4.103.2/lib/vscode/extensions/ms-python.python-2025.12.0/python_files/interpreterInfo.py
2026-09-13 16:28:36.504 [info] > /bin/python3.8 -I /usr/local/lib/code-server-4.103.2/lib/vscode/extensions/ms-python.python-2025.12.0/python_files/get_output_via_markers.py /usr/local/lib/code-server-4.103.2/lib/vscode/extensions/ms-python.python-2025.12.0/python_files/interpreterInfo.py
2026-09-13 16:28:36.511 [info] Finished searching for interpreters in posix paths locator: 148 milliseconds
2026-09-13 16:28:36.516 [info] Environments refresh paths discovered (event): 153 milliseconds
2026-09-13 16:28:36.516 [info] Environments refresh paths discovered: 153 milliseconds
2026-09-13 16:28:36.526 [info] > /usr/bin/python -I /usr/local/lib/code-server-4.103.2/lib/vscode/extensions/ms-python.python-2025.12.0/python_files/get_output_via_markers.py /usr/local/lib/code-server-4.103.2/lib/vscode/extensions/ms-python.python-2025.12.0/python_files/interpreterInfo.py
2026-09-13 16:28:36.538 [info] > /usr/bin/python3.8 -I /usr/local/lib/code-server-4.103.2/lib/vscode/extensions/ms-python.python-2025.12.0/python_files/get_output_via_markers.py /usr/local/lib/code-server-4.103.2/lib/vscode/extensions/ms-python.python-2025.12.0/python_files/interpreterInfo.py
2026-09-13 16:28:36.562 [info] Environments refresh finished (event): 199 milliseconds
2026-09-13 16:28:36.568 [info] Environment refresh took 206 milliseconds
2026-09-13 16:28:36.570 [info] Python interpreter path: /bin/python
2026-09-13 16:28:38.008 [info] Starting Jedi language server for work.
